lv_color.h:583:26:lv_color_make	16	static
lv_mem.h:213:44:_lv_memcpy_small	32	static
lv_img_decoder.c:58:6:_lv_img_decoder_init	16	static
lv_img_decoder.c:85:10:lv_img_decoder_get_info	24	static
lv_img_decoder.c:117:10:lv_img_decoder_open	40	static
lv_img_decoder.c:164:10:lv_img_decoder_read_line	48	static
lv_img_decoder.c:176:6:lv_img_decoder_close	16	static
lv_img_decoder.c:192:20:lv_img_decoder_create	16	static
lv_img_decoder.c:208:6:lv_img_decoder_delete	16	static
lv_img_decoder.c:219:6:lv_img_decoder_set_info_cb	16	static
lv_img_decoder.c:229:6:lv_img_decoder_set_open_cb	16	static
lv_img_decoder.c:239:6:lv_img_decoder_set_read_line_cb	16	static
lv_img_decoder.c:249:6:lv_img_decoder_set_close_cb	16	static
lv_img_decoder.c:261:10:lv_img_decoder_built_in_info	40	static
lv_img_decoder.c:315:10:lv_img_decoder_built_in_open	72	static
lv_img_decoder.c:477:10:lv_img_decoder_built_in_read_line	40	static
lv_img_decoder.c:514:6:lv_img_decoder_built_in_close	24	static
lv_img_decoder.c:539:17:lv_img_decoder_built_in_line_true_color	48	static
lv_img_decoder.c:574:17:lv_img_decoder_built_in_line_alpha	104	static
lv_img_decoder.c:684:17:lv_img_decoder_built_in_line_indexed	64	static
