main.c:96:6:startup_sequence	16	static
main.c:139:6:my_disp_flush	32	static
main.c:152:6:set_time	32	static
main.c:187:5:main	64	static
main.c:261:6:SystemClock_Config	112	static
main.c:314:13:MX_RTC_Init	8	static
main.c:358:13:MX_SPI1_Init	8	static
main.c:396:13:MX_TIM2_Init	64	static
main.c:455:13:MX_TIM3_Init	32	static
main.c:500:13:MX_TIM4_Init	32	static
main.c:545:13:MX_GPIO_Init	48	static
main.c:609:6:HAL_GPIO_EXTI_Callback	16	static
main.c:650:6:HAL_TIM_PeriodElapsedCallback	16	static
main.c:680:6:Error_Handler	4	static,ignoring_inline_asm
