main.c:96:6:startup_sequence	16	static
main.c:147:6:my_disp_flush	32	static
main.c:160:6:set_time	32	static
main.c:195:5:main	64	static
main.c:269:6:SystemClock_Config	112	static
main.c:322:13:MX_RTC_Init	8	static
main.c:366:13:MX_SPI1_Init	8	static
main.c:404:13:MX_TIM2_Init	64	static
main.c:463:13:MX_TIM3_Init	32	static
main.c:508:13:MX_TIM4_Init	32	static
main.c:553:13:MX_GPIO_Init	48	static
main.c:617:6:HAL_GPIO_EXTI_Callback	16	static
main.c:658:6:HAL_TIM_PeriodElapsedCallback	16	static
main.c:688:6:Error_Handler	4	static,ignoring_inline_asm
