st7735.c:87:6:ST7735_Select	8	static
st7735.c:91:6:ST7735_Unselect	8	static
st7735.c:95:13:ST7735_Reset	8	static
st7735.c:101:13:ST7735_WriteCommand	16	static
st7735.c:106:6:ST7735_WriteData	16	static
st7735.c:112:13:ST7735_ExecuteCommandList	24	static
st7735.c:138:6:ST7735_SetAddressWindow	32	static
st7735.c:154:6:ST7735_Init	8	static
st7735.c:163:6:ST7735_DrawPixel	24	static
st7735.c:258:6:ST7735_FillScreen	24	static
st7735.c:262:6:ST7735_DrawImage	24	static
st7735.c:273:6:Set_Brightness	16	static
