lv_font.h:116:26:lv_font_get_line_height	16	static
lv_obj_style_dec.h:92:1:lv_style_set_radius	16	static
lv_obj_style_dec.h:93:1:lv_style_set_clip_corner	16	static
lv_obj_style_dec.h:94:1:lv_style_set_size	16	static
lv_obj_style_dec.h:100:1:lv_style_set_pad_top	16	static
lv_obj_style_dec.h:101:1:lv_style_set_pad_bottom	16	static
lv_obj_style_dec.h:102:1:lv_style_set_pad_left	16	static
lv_obj_style_dec.h:103:1:lv_style_set_pad_right	16	static
lv_obj_style_dec.h:104:1:lv_style_set_pad_inner	16	static
lv_obj_style_dec.h:113:1:lv_style_set_bg_color	16	static
lv_obj_style_dec.h:115:1:lv_style_set_bg_opa	16	static
lv_obj_style_dec.h:116:1:lv_style_set_border_width	16	static
lv_obj_style_dec.h:117:1:lv_style_set_border_side	16	static
lv_obj_style_dec.h:119:1:lv_style_set_border_post	16	static
lv_obj_style_dec.h:120:1:lv_style_set_border_color	16	static
lv_obj_style_dec.h:144:1:lv_style_set_value_ofs_y	16	static
lv_obj_style_dec.h:145:1:lv_style_set_value_align	16	static
lv_obj_style_dec.h:146:1:lv_style_set_value_color	16	static
lv_obj_style_dec.h:148:1:lv_style_set_value_font	24	static
lv_obj_style_dec.h:149:1:lv_style_set_value_str	24	static
lv_obj_style_dec.h:151:1:lv_style_set_text_line_space	16	static
lv_obj_style_dec.h:152:1:lv_style_set_text_decor	16	static
lv_obj_style_dec.h:154:1:lv_style_set_text_color	16	static
lv_obj_style_dec.h:155:1:lv_style_set_text_sel_color	16	static
lv_obj_style_dec.h:156:1:lv_style_set_text_sel_bg_color	16	static
lv_obj_style_dec.h:159:1:lv_style_set_line_width	16	static
lv_obj_style_dec.h:164:1:lv_style_set_line_color	16	static
lv_obj_style_dec.h:167:1:lv_style_set_image_recolor	16	static
lv_obj_style_dec.h:187:1:lv_style_set_scale_end_line_width	16	static
lv_obj_style_dec.h:188:1:lv_style_set_scale_grad_color	16	static
lv_obj_style_dec.h:189:1:lv_style_set_scale_end_color	16	static
lv_theme_mono.c:104:13:basic_init	8	static
lv_theme_mono.c:208:13:arc_init	8	static
lv_theme_mono.c:221:13:bar_init	4	static
lv_theme_mono.c:228:13:btn_init	4	static
lv_theme_mono.c:235:13:btnmatrix_init	4	static
lv_theme_mono.c:242:13:calendar_init	16	static
lv_theme_mono.c:263:13:chart_init	8	static
lv_theme_mono.c:274:13:cpicker_init	4	static
lv_theme_mono.c:281:13:checkbox_init	4	static
lv_theme_mono.c:288:13:cont_init	4	static
lv_theme_mono.c:295:13:gauge_init	8	static
lv_theme_mono.c:316:13:img_init	4	static
lv_theme_mono.c:323:13:label_init	4	static
lv_theme_mono.c:330:13:linemeter_init	8	static
lv_theme_mono.c:339:13:line_init	4	static
lv_theme_mono.c:346:13:led_init	4	static
lv_theme_mono.c:353:13:page_init	4	static
lv_theme_mono.c:360:13:slider_init	4	static
lv_theme_mono.c:367:13:switch_init	8	static
lv_theme_mono.c:380:13:spinbox_init	4	static
lv_theme_mono.c:387:13:spinner_init	4	static
lv_theme_mono.c:394:13:keyboard_init	4	static
lv_theme_mono.c:401:13:msgbox_init	4	static
lv_theme_mono.c:408:13:textarea_init	8	static
lv_theme_mono.c:420:13:list_init	8	static
lv_theme_mono.c:432:13:ddlist_init	4	static
lv_theme_mono.c:439:13:roller_init	4	static
lv_theme_mono.c:446:13:tabview_init	8	static
lv_theme_mono.c:457:13:tileview_init	4	static
lv_theme_mono.c:463:13:table_init	4	static
lv_theme_mono.c:470:13:win_init	4	static
lv_theme_mono.c:492:14:lv_theme_mono_init	24	static
lv_theme_mono.c:557:13:theme_apply	32	static
