lv_obj_style_dec.h:113:1:lv_obj_set_style_local_bg_color	16	static
lv_obj_style_dec.h:115:1:lv_obj_set_style_local_bg_opa	16	static
lv_obj_style_dec.h:121:1:lv_obj_set_style_local_border_opa	16	static
lv_obj_style_dec.h:154:1:lv_style_set_text_color	16	static
lv_obj_style_dec.h:158:1:lv_style_set_text_font	24	static
lv_obj_style_dec.h:159:1:lv_style_set_line_width	16	static
breath_ui.c:31:13:arc_loader_hold	16	static
breath_ui.c:39:13:arc_loader	40	static
breath_ui.c:71:6:launch_update_breathing	16	static
breath_ui.c:79:6:kill_update_breathing	8	static
breath_ui.c:84:6:update_breathing	16	static
