lv_obj_style_dec.h:113:1:lv_obj_set_style_local_bg_color	16	static
lv_obj_style_dec.h:116:1:lv_style_set_border_width	16	static
lv_obj_style_dec.h:158:1:lv_style_set_text_font	24	static
lv_cont.h:168:20:lv_cont_set_fit	24	static
lv_page.h:227:20:lv_page_set_scrl_layout	16	static
lv_slider.h:84:20:lv_slider_set_value	16	static
lv_slider.h:106:20:lv_slider_set_range	16	static
test_navigation.c:28:6:kill_setting_menu	8	static
test_navigation.c:32:6:launch_opn_setting_menu	16	static
test_navigation.c:39:13:slider_event_handler	16	static
test_navigation.c:50:6:opn_setting_menu	24	static
