lv_hal_disp.c:53:6:lv_disp_drv_init	16	static
lv_hal_disp.c:100:6:lv_disp_buf_init	24	static
lv_hal_disp.c:116:13:lv_disp_drv_register	24	static
lv_hal_disp.c:179:6:lv_disp_drv_update	32	static
lv_hal_disp.c:193:6:lv_disp_remove	24	static
lv_hal_disp.c:218:6:lv_disp_set_default	16	static
lv_hal_disp.c:227:13:lv_disp_get_default	4	static
lv_hal_disp.c:237:12:lv_disp_get_hor_res	16	static
lv_hal_disp.c:252:12:lv_disp_get_ver_res	16	static
lv_hal_disp.c:267:6:lv_disp_get_antialiasing	16	static
lv_hal_disp.c:285:12:lv_disp_get_dpi	16	static
lv_hal_disp.c:297:16:lv_disp_get_size_category	24	static
lv_hal_disp.c:319:31:lv_disp_flush_ready	16	static
lv_hal_disp.c:338:31:lv_disp_flush_is_last	16	static
lv_hal_disp.c:348:13:lv_disp_get_next	16	static
lv_hal_disp.c:361:17:lv_disp_get_buf	16	static
lv_hal_disp.c:370:10:lv_disp_get_inv_buf_size	16	static
lv_hal_disp.c:379:6:_lv_disp_pop_from_inv_buf	16	static
lv_hal_disp.c:393:6:lv_disp_is_double_buf	16	static
lv_hal_disp.c:407:6:lv_disp_is_true_double_buf	24	static
