lv_group.c:47:6:_lv_group_init	8	static
lv_group.c:56:14:lv_group_create	16	static
lv_group.c:82:6:lv_group_del	24	static
lv_group.c:106:6:lv_group_add_obj	24	static
lv_group.c:144:6:lv_group_remove_obj	24	static
lv_group.c:186:6:lv_group_remove_all_objs	24	static
lv_group.c:208:6:lv_group_focus_obj	32	static
lv_group.c:252:6:lv_group_focus_next	16	static
lv_group.c:261:6:lv_group_focus_prev	16	static
lv_group.c:271:6:lv_group_focus_freeze	16	static
lv_group.c:285:10:lv_group_send_data	24	static
lv_group.c:306:6:lv_group_set_focus_cb	16	static
lv_group.c:316:6:lv_group_set_editing	32	static
lv_group.c:340:6:lv_group_set_click_focus	16	static
lv_group.c:345:6:lv_group_set_refocus_policy	16	static
lv_group.c:355:6:lv_group_set_wrap	16	static
lv_group.c:365:12:lv_group_get_focused	16	static
lv_group.c:390:21:lv_group_get_focus_cb	16	static
lv_group.c:401:6:lv_group_get_editing	16	static
lv_group.c:412:6:lv_group_get_click_focus	16	static
lv_group.c:423:6:lv_group_get_wrap	16	static
lv_group.c:433:13:lv_group_refocus	24	static
lv_group.c:447:13:focus_next_core	40	static
lv_group.c:515:13:obj_to_foreground	24	static
