lv_mem.h:213:44:_lv_memcpy_small	32	static
lv_style.h:311:28:lv_style_list_get_style	16	static
lv_style.c:66:6:lv_style_init	16	static
lv_style.c:79:6:lv_style_copy	24	static
lv_style.c:100:6:lv_style_remove_prop	40	static
lv_style.c:137:6:lv_style_list_init	16	static
lv_style.c:150:6:lv_style_list_copy	24	static
lv_style.c:196:6:_lv_style_list_add_style	24	static
lv_style.c:234:6:_lv_style_list_remove_style	24	static
lv_style.c:285:6:_lv_style_list_reset	24	static
lv_style.c:322:6:lv_style_reset	16	static
lv_style.c:333:10:_lv_style_get_mem_size	24	static
lv_style.c:358:6:_lv_style_set_int	32	static
lv_style.c:404:6:_lv_style_set_color	32	static
lv_style.c:451:6:_lv_style_set_opa	32	static
lv_style.c:498:6:_lv_style_set_ptr	40	static
lv_style.c:545:9:_lv_style_get_int	40	static
lv_style.c:582:9:_lv_style_get_opa	40	static
lv_style.c:619:9:_lv_style_get_color	40	static
lv_style.c:653:9:_lv_style_get_ptr	40	static
lv_style.c:680:14:lv_style_list_get_local_style	16	static
lv_style.c:694:14:_lv_style_list_get_transition_style	16	static
lv_style.c:707:14:_lv_style_list_add_trans_style	24	static
lv_style.c:741:6:_lv_style_list_set_local_int	24	static
lv_style.c:757:6:_lv_style_list_set_local_opa	24	static
lv_style.c:773:6:_lv_style_list_set_local_color	24	static
lv_style.c:789:6:_lv_style_list_set_local_ptr	32	static
lv_style.c:808:10:_lv_style_list_get_int	40	static
lv_style.c:861:10:_lv_style_list_get_color	40	static
lv_style.c:912:10:_lv_style_list_get_opa	40	static
lv_style.c:962:10:_lv_style_list_get_ptr	48	static
lv_style.c:1006:6:lv_debug_check_style	16	static
lv_style.c:1025:6:lv_debug_check_style_list	16	static
lv_style.c:1051:45:get_property_index	32	static
lv_style.c:1099:21:get_alloc_local_style	24	static
lv_style.c:1125:20:style_resize	16	static
lv_style.c:1136:35:get_style_prop	24	static
lv_style.c:1151:23:get_style_prop_id	16	static
lv_style.c:1162:23:get_style_prop_attr	16	static
lv_style.c:1173:22:get_prop_size	24	static
lv_style.c:1190:22:get_next_prop_index	16	static
